******************************************************************************
                  TI ARM Linker PC v18.1.1                     
******************************************************************************
>> Linked Fri Jun 15 09:53:32 2018

OUTPUT FILE NAME:   <test-rtos.out>
ENTRY POINT SYMBOL: "_c_int00_noargs"  address: 00003741


MEMORY CONFIGURATION

         name            origin    length      used     unused   attr    fill
----------------------  --------  ---------  --------  --------  ----  --------
  FLASH                 00000000   00100000  00003ad2  000fc52e  R  X
  SRAM                  20000000   00040000  0000c6e0  00033920  RW X


SEGMENT ALLOCATION MAP

run origin  load origin   length   init length attrs members
----------  ----------- ---------- ----------- ----- -------
00000000    00000000    00003ad8   00003ad8    r-x
  00000000    00000000    00000208   00000208    r-- .intvecs
  00000208    00000208    00003642   00003642    r-x .text
  0000384c    0000384c    00000258   00000258    r-- .const
  00003aa8    00003aa8    00000030   00000030    r-- .cinit
20000000    20000000    0000c6e4   00000000    rw-
  20000000    20000000    0000c494   00000000    rw- .bss
  2000c498    2000c498    00000200   00000000    rw- .stack
  2000c698    2000c698    0000004c   00000000    rw- .data


SECTION ALLOCATION MAP

 output                                  attributes/
section   page    origin      length       input sections
--------  ----  ----------  ----------   ----------------
.intvecs   0    00000000    00000208     
                  00000000    00000208     tm4c1294ncpdt_startup_ccs.obj (.intvecs)

.text      0    00000208    00003642     
                  00000208    000018c0     tasks.obj (.text)
                  00001ac8    00000d04     queue.obj (.text)
                  000027cc    00000594     timers.obj (.text)
                  00002d60    00000200     driverlib.lib : sysctl.obj (.text:SysCtlClockFreqSet)
                  00002f60    0000013c     port.obj (.text)
                  0000309c    00000132     driverlib.lib : gpio.obj (.text:GPIOPadConfigSet)
                  000031ce    0000012a     list.obj (.text)
                  000032f8    000000da     portasm.obj (.text)
                  000033d2    00000002     --HOLE-- [fill = 0]
                  000033d4    0000009c     heap_1.obj (.text)
                  00003470    0000009c     rtsv7M4_T_le_v4SPD16_eabi.lib : memcpy_t2.asm.obj (.text)
                  0000350c    0000007a                                   : memset_t2.asm.obj (.text)
                  00003586    00000002     --HOLE-- [fill = 0]
                  00003588    00000078     led.obj (.text)
                  00003600    00000068     rtsv7M4_T_le_v4SPD16_eabi.lib : copy_decompress_lzss.c.obj (.text:decompress:lzss:__TI_decompress_lzss)
                  00003668    0000004c     main.obj (.text)
                  000036b4    00000048     driverlib.lib : sysctl.obj (.text:_SysCtlFrequencyGet)
                  000036fc    00000044     rtsv7M4_T_le_v4SPD16_eabi.lib : autoinit.c.obj (.text:__TI_auto_init_nobinit_nopinit:__TI_auto_init_nobinit_nopinit)
                  00003740    00000038                                   : boot_cortex_m.c.obj (.text:_c_int00_noargs:_c_int00_noargs)
                  00003778    00000034     driverlib.lib : sysctl.obj (.text:SysCtlPeripheralEnable)
                  000037ac    0000002a                   : gpio.obj (.text:GPIODirModeSet)
                  000037d6    00000002     --HOLE-- [fill = 0]
                  000037d8    00000020                   : sysctl.obj (.text:_SysCtlMemTimingGet)
                  000037f8    00000018                   : gpio.obj (.text:GPIOPinTypeGPIOOutput)
                  00003810    0000000e     rtsv7M4_T_le_v4SPD16_eabi.lib : copy_decompress_none.c.obj (.text:decompress:none:__TI_decompress_none)
                  0000381e    0000000c                                   : copy_zero_init.c.obj (.text:decompress:ZI:__TI_zero_init)
                  0000382a    0000000c     tm4c1294ncpdt_startup_ccs.obj (.text)
                  00003836    00000006     driverlib.lib : gpio.obj (.text:GPIOPinWrite)
                  0000383c    00000006                   : sysctl.obj (.text:SysCtlDelay)
                  00003842    00000004     rtsv7M4_T_le_v4SPD16_eabi.lib : pre_init.c.obj (.text:_system_pre_init)
                  00003846    00000004                                   : exit.c.obj (.text:abort:abort)

.const     0    0000384c    00000258     
                  0000384c    000001b0     driverlib.lib : sysctl.obj (.const:g_pppui32XTALtoVCO)
                  000039fc    0000006c                   : sysctl.obj (.const:g_pui32Xtals)
                  00003a68    00000030                   : sysctl.obj (.const:g_sXTALtoMEMTIM)
                  00003a98    00000008                   : sysctl.obj (.const)
                  00003aa0    00000004     port.obj (.const)

.cinit     0    00003aa8    00000030     
                  00003aa8    0000000c     (__TI_handler_table)
                  00003ab4    0000000b     (.cinit..data.load) [load image, compression = lzss]
                  00003abf    00000001     --HOLE-- [fill = 0]
                  00003ac0    00000008     (.cinit..bss.load) [load image, compression = zero_init]
                  00003ac8    00000010     (__TI_cinit_table)

.init_array 
*          0    00000000    00000000     UNINITIALIZED

.bss       0    20000000    0000c494     UNINITIALIZED
                  20000000    0000c350     heap_1.obj (.bss:ucHeap)
                  2000c350    00000064     tasks.obj (.bss:pxReadyTasksLists)
                  2000c3b4    00000040     (.common:xQueueRegistry)
                  2000c3f4    00000014     timers.obj (.bss:xActiveTimerList1)
                  2000c408    00000014     timers.obj (.bss:xActiveTimerList2)
                  2000c41c    00000014     tasks.obj (.bss:xDelayedTaskList1)
                  2000c430    00000014     tasks.obj (.bss:xDelayedTaskList2)
                  2000c444    00000014     tasks.obj (.bss:xPendingReadyList)
                  2000c458    00000014     tasks.obj (.bss:xSuspendedTaskList)
                  2000c46c    00000014     tasks.obj (.bss:xTasksWaitingTermination)
                  2000c480    00000008     tasks.obj (.bss)
                  2000c488    00000008     timers.obj (.bss)
                  2000c490    00000004     (.common:g_ui32SysClock)

.data      0    2000c698    0000004c     UNINITIALIZED
                  2000c698    00000034     tasks.obj (.data)
                  2000c6cc    0000000c     timers.obj (.data)
                  2000c6d8    00000008     heap_1.obj (.data)
                  2000c6e0    00000004     port.obj (.data)

.stack     0    2000c498    00000200     UNINITIALIZED
                  2000c498    00000004     rtsv7M4_T_le_v4SPD16_eabi.lib : boot_cortex_m.c.obj (.stack)
                  2000c49c    000001fc     --HOLE--

MODULE SUMMARY

       Module                          code    ro data   rw data
       ------                          ----    -------   -------
    .\
       tm4c1294ncpdt_startup_ccs.obj   12      520       0      
       main.obj                        76      0         4      
    +--+-------------------------------+-------+---------+---------+
       Total:                          88      520       4      
                                                                
    .\my tasks\
       led.obj                         120     0         0      
    +--+-------------------------------+-------+---------+---------+
       Total:                          120     0         0      
                                                                
    .\source\
       tasks.obj                       6336    0         260    
       queue.obj                       3332    0         64     
       timers.obj                      1428    0         60     
       list.obj                        298     0         0      
    +--+-------------------------------+-------+---------+---------+
       Total:                          11394   0         384    
                                                                
    .\source\portable\CCS\ARM_CM4F\
       port.obj                        316     4         4      
       portasm.obj                     218     0         0      
    +--+-------------------------------+-------+---------+---------+
       Total:                          534     4         4      
                                                                
    .\source\portable\MemMang\
       heap_1.obj                      156     0         50008  
    +--+-------------------------------+-------+---------+---------+
       Total:                          156     0         50008  
                                                                
    C:/ti/TivaWare_C_Series-2.1.4.178/driverlib/ccs/Debug/driverlib.lib
       sysctl.obj                      674     596       0      
       gpio.obj                        378     0         0      
    +--+-------------------------------+-------+---------+---------+
       Total:                          1052    596       0      
                                                                
    C:\ti\ccsv8\tools\compiler\ti-cgt-arm_18.1.1.LTS\lib\rtsv7M4_T_le_v4SPD16_eabi.lib
       memcpy_t2.asm.obj               156     0         0      
       memset_t2.asm.obj               122     0         0      
       copy_decompress_lzss.c.obj      104     0         0      
       autoinit.c.obj                  68      0         0      
       boot_cortex_m.c.obj             56      0         0      
       copy_decompress_none.c.obj      14      0         0      
       copy_zero_init.c.obj            12      0         0      
       exit.c.obj                      4       0         0      
       pre_init.c.obj                  4       0         0      
    +--+-------------------------------+-------+---------+---------+
       Total:                          540     0         0      
                                                                
       Stack:                          0       0         512    
       Linker Generated:               0       47        0      
    +--+-------------------------------+-------+---------+---------+
       Grand Total:                    13884   1167      50912  


LINKER GENERATED COPY TABLES

__TI_cinit_table @ 00003ac8 records: 2, size/record: 8, table size: 16
	.data: load addr=00003ab4, load size=0000000b bytes, run addr=2000c698, run size=0000004c bytes, compression=lzss
	.bss: load addr=00003ac0, load size=00000008 bytes, run addr=20000000, run size=0000c494 bytes, compression=zero_init


LINKER GENERATED HANDLER TABLE

__TI_handler_table @ 00003aa8 records: 3, size/record: 4, table size: 12
	index: 0, handler: __TI_decompress_lzss
	index: 1, handler: __TI_decompress_none
	index: 2, handler: __TI_zero_init


GLOBAL SYMBOLS: SORTED ALPHABETICALLY BY Name 

address   name                               
-------   ----                               
00003847  C$$EXIT                            
000037ad  GPIODirModeSet                     
0000309d  GPIOPadConfigSet                   
000037f9  GPIOPinTypeGPIOOutput              
00003837  GPIOPinWrite                       
0000382b  ResetISR                           
00002d61  SysCtlClockFreqSet                 
0000383d  SysCtlDelay                        
00003779  SysCtlPeripheralEnable             
2000c698  __STACK_END                        
00000200  __STACK_SIZE                       
2000c698  __STACK_TOP                        
00003ac8  __TI_CINIT_Base                    
00003ad8  __TI_CINIT_Limit                   
00003aa8  __TI_Handler_Table_Base            
00003ab4  __TI_Handler_Table_Limit           
000036fd  __TI_auto_init_nobinit_nopinit     
00003601  __TI_decompress_lzss               
00003811  __TI_decompress_none               
ffffffff  __TI_pprof_out_hndl                
ffffffff  __TI_prof_data_size                
ffffffff  __TI_prof_data_start               
00000000  __TI_static_base__                 
0000381f  __TI_zero_init                     
0000350d  __aeabi_memclr                     
0000350d  __aeabi_memclr4                    
0000350d  __aeabi_memclr8                    
00003471  __aeabi_memcpy                     
00003471  __aeabi_memcpy4                    
00003471  __aeabi_memcpy8                    
0000350f  __aeabi_memset                     
0000350f  __aeabi_memset4                    
0000350f  __aeabi_memset8                    
ffffffff  __binit__                          
ffffffff  __c_args__                         
00003695  __error__                          
UNDEFED   __mpu_init                         
2000c498  __stack                            
00003741  _c_int00_noargs                    
UNDEFED   _system_post_cinit                 
00003843  _system_pre_init                   
00003847  abort                              
ffffffff  binit                              
0000057d  eTaskGetState                      
00000000  g_pfnVectors                       
2000c490  g_ui32SysClock                     
00003669  main                               
00003471  memcpy                             
00003515  memset                             
000026e3  pcQueueGetName                     
00000b57  pcTaskGetName                      
00002907  pcTimerGetName                     
000033d5  pvPortMalloc                       
000015e9  pvTaskIncrementMutexHeldCount      
00002cf1  pvTimerGetTimerID                  
2000c698  pxCurrentTCB                       
00002f61  pxPortInitialiseStack              
00002445  ucQueueGetQueueType                
00003aa0  ulMaxSyscallInterruptPriority      
00003309  ulPortGetIPSR                      
00001605  ulTaskNotifyTake                   
000032b1  uxListRemove                       
00002425  uxQueueGetQueueNumber              
000023c7  uxQueueMessagesWaiting             
000023fd  uxQueueMessagesWaitingFromISR      
000023dd  uxQueueSpacesAvailable             
00000b51  uxTaskGetNumberOfTasks             
00000b7d  uxTaskGetSystemState               
00001039  uxTaskGetTaskNumber                
00000611  uxTaskPriorityGet                  
00000641  uxTaskPriorityGetFromISR           
000015c1  uxTaskResetEventItemValue          
00002d25  uxTimerGetTimerNumber              
00003589  vLEDFlashTask                      
000031cf  vListInitialise                    
000031ff  vListInitialiseItem                
0000324b  vListInsert                        
0000320f  vListInsertEnd                     
000033c5  vPortEnableVFP                     
00003001  vPortEndScheduler                  
00003003  vPortEnterCritical                 
00003023  vPortExitCritical                  
00003445  vPortFree                          
0000344f  vPortInitialiseBlocks              
00003381  vPortSVCHandler                    
0000305f  vPortSetupTimerInterrupt           
000033a1  vPortStartFirstTask                
000026a1  vQueueAddToRegistry                
0000240f  vQueueDelete                       
00002433  vQueueSetQueueNumber               
00002723  vQueueUnregisterQueue              
00002767  vQueueWaitForMessageRestricted     
00000541  vTaskDelay                         
000004b1  vTaskDelayUntil                    
00000403  vTaskDelete                        
00000a19  vTaskEndScheduler                  
00001131  vTaskGetInfo                       
00000f87  vTaskInternalSetTimeOutState       
00001027  vTaskMissedYield                   
00001921  vTaskNotifyGiveFromISR             
00000e01  vTaskPlaceOnEventList              
00000e47  vTaskPlaceOnEventListRestricted    
00000e1d  vTaskPlaceOnUnorderedEventList     
000014ed  vTaskPriorityDisinheritAfterTimeout
0000068d  vTaskPrioritySet                   
00000efd  vTaskRemoveFromUnorderedEventList  
000008b5  vTaskResume                        
0000105d  vTaskSetTaskNumber                 
00000f69  vTaskSetTimeOutState               
000009bd  vTaskStartScheduler                
000007a5  vTaskSuspend                       
00000a35  vTaskSuspendAll                    
00000d99  vTaskSwitchContext                 
00002d0b  vTimerSetTimerID                   
00002d33  vTimerSetTimerNumber               
00003457  xPortGetFreeHeapSize               
00003321  xPortPendSVHandler                 
00002fcb  xPortStartScheduler                
00003039  xPortSysTickHandler                
00001ccd  xQueueCreateCountingSemaphore      
00001c21  xQueueCreateMutex                  
00001b67  xQueueGenericCreate                
00001ac9  xQueueGenericReset                 
00001ced  xQueueGenericSend                  
00001e19  xQueueGenericSendFromISR           
00001eb3  xQueueGiveFromISR                  
00001c4d  xQueueGiveMutexRecursive           
0000263d  xQueueIsQueueEmptyFromISR          
0000267f  xQueueIsQueueFullFromISR           
000021bb  xQueuePeek                         
00002375  xQueuePeekFromISR                  
00001f45  xQueueReceive                      
000022dd  xQueueReceiveFromISR               
2000c3b4  xQueueRegistry                     
00002061  xQueueSemaphoreTake                
00001c89  xQueueTakeMutexRecursive           
00000fa9  xTaskCheckForTimeOut               
00000209  xTaskCreate                        
00001727  xTaskGenericNotify                 
00001811  xTaskGenericNotifyFromISR          
00001303  xTaskGetCurrentTaskHandle          
0000131d  xTaskGetSchedulerState             
00000b2d  xTaskGetTickCount                  
00000b3d  xTaskGetTickCountFromISR           
00000c71  xTaskIncrementTick                 
000019cf  xTaskNotifyStateClear              
00001685  xTaskNotifyWait                    
00001449  xTaskPriorityDisinherit            
00001369  xTaskPriorityInherit               
00000e81  xTaskRemoveFromEventList           
00000a49  xTaskResumeAll                     
0000092f  xTaskResumeFromISR                 
000027f9  xTimerCreate                       
000027cd  xTimerCreateTimerTask              
0000286d  xTimerGenericCommand               
000028f1  xTimerGetExpiryTime                
000028df  xTimerGetPeriod                    
000028d9  xTimerGetTimerDaemonTaskHandle     
00002cc5  xTimerIsTimerActive                


GLOBAL SYMBOLS: SORTED BY Symbol Address 

address   name                               
-------   ----                               
00000000  __TI_static_base__                 
00000000  g_pfnVectors                       
00000200  __STACK_SIZE                       
00000209  xTaskCreate                        
00000403  vTaskDelete                        
000004b1  vTaskDelayUntil                    
00000541  vTaskDelay                         
0000057d  eTaskGetState                      
00000611  uxTaskPriorityGet                  
00000641  uxTaskPriorityGetFromISR           
0000068d  vTaskPrioritySet                   
000007a5  vTaskSuspend                       
000008b5  vTaskResume                        
0000092f  xTaskResumeFromISR                 
000009bd  vTaskStartScheduler                
00000a19  vTaskEndScheduler                  
00000a35  vTaskSuspendAll                    
00000a49  xTaskResumeAll                     
00000b2d  xTaskGetTickCount                  
00000b3d  xTaskGetTickCountFromISR           
00000b51  uxTaskGetNumberOfTasks             
00000b57  pcTaskGetName                      
00000b7d  uxTaskGetSystemState               
00000c71  xTaskIncrementTick                 
00000d99  vTaskSwitchContext                 
00000e01  vTaskPlaceOnEventList              
00000e1d  vTaskPlaceOnUnorderedEventList     
00000e47  vTaskPlaceOnEventListRestricted    
00000e81  xTaskRemoveFromEventList           
00000efd  vTaskRemoveFromUnorderedEventList  
00000f69  vTaskSetTimeOutState               
00000f87  vTaskInternalSetTimeOutState       
00000fa9  xTaskCheckForTimeOut               
00001027  vTaskMissedYield                   
00001039  uxTaskGetTaskNumber                
0000105d  vTaskSetTaskNumber                 
00001131  vTaskGetInfo                       
00001303  xTaskGetCurrentTaskHandle          
0000131d  xTaskGetSchedulerState             
00001369  xTaskPriorityInherit               
00001449  xTaskPriorityDisinherit            
000014ed  vTaskPriorityDisinheritAfterTimeout
000015c1  uxTaskResetEventItemValue          
000015e9  pvTaskIncrementMutexHeldCount      
00001605  ulTaskNotifyTake                   
00001685  xTaskNotifyWait                    
00001727  xTaskGenericNotify                 
00001811  xTaskGenericNotifyFromISR          
00001921  vTaskNotifyGiveFromISR             
000019cf  xTaskNotifyStateClear              
00001ac9  xQueueGenericReset                 
00001b67  xQueueGenericCreate                
00001c21  xQueueCreateMutex                  
00001c4d  xQueueGiveMutexRecursive           
00001c89  xQueueTakeMutexRecursive           
00001ccd  xQueueCreateCountingSemaphore      
00001ced  xQueueGenericSend                  
00001e19  xQueueGenericSendFromISR           
00001eb3  xQueueGiveFromISR                  
00001f45  xQueueReceive                      
00002061  xQueueSemaphoreTake                
000021bb  xQueuePeek                         
000022dd  xQueueReceiveFromISR               
00002375  xQueuePeekFromISR                  
000023c7  uxQueueMessagesWaiting             
000023dd  uxQueueSpacesAvailable             
000023fd  uxQueueMessagesWaitingFromISR      
0000240f  vQueueDelete                       
00002425  uxQueueGetQueueNumber              
00002433  vQueueSetQueueNumber               
00002445  ucQueueGetQueueType                
0000263d  xQueueIsQueueEmptyFromISR          
0000267f  xQueueIsQueueFullFromISR           
000026a1  vQueueAddToRegistry                
000026e3  pcQueueGetName                     
00002723  vQueueUnregisterQueue              
00002767  vQueueWaitForMessageRestricted     
000027cd  xTimerCreateTimerTask              
000027f9  xTimerCreate                       
0000286d  xTimerGenericCommand               
000028d9  xTimerGetTimerDaemonTaskHandle     
000028df  xTimerGetPeriod                    
000028f1  xTimerGetExpiryTime                
00002907  pcTimerGetName                     
00002cc5  xTimerIsTimerActive                
00002cf1  pvTimerGetTimerID                  
00002d0b  vTimerSetTimerID                   
00002d25  uxTimerGetTimerNumber              
00002d33  vTimerSetTimerNumber               
00002d61  SysCtlClockFreqSet                 
00002f61  pxPortInitialiseStack              
00002fcb  xPortStartScheduler                
00003001  vPortEndScheduler                  
00003003  vPortEnterCritical                 
00003023  vPortExitCritical                  
00003039  xPortSysTickHandler                
0000305f  vPortSetupTimerInterrupt           
0000309d  GPIOPadConfigSet                   
000031cf  vListInitialise                    
000031ff  vListInitialiseItem                
0000320f  vListInsertEnd                     
0000324b  vListInsert                        
000032b1  uxListRemove                       
00003309  ulPortGetIPSR                      
00003321  xPortPendSVHandler                 
00003381  vPortSVCHandler                    
000033a1  vPortStartFirstTask                
000033c5  vPortEnableVFP                     
000033d5  pvPortMalloc                       
00003445  vPortFree                          
0000344f  vPortInitialiseBlocks              
00003457  xPortGetFreeHeapSize               
00003471  __aeabi_memcpy                     
00003471  __aeabi_memcpy4                    
00003471  __aeabi_memcpy8                    
00003471  memcpy                             
0000350d  __aeabi_memclr                     
0000350d  __aeabi_memclr4                    
0000350d  __aeabi_memclr8                    
0000350f  __aeabi_memset                     
0000350f  __aeabi_memset4                    
0000350f  __aeabi_memset8                    
00003515  memset                             
00003589  vLEDFlashTask                      
00003601  __TI_decompress_lzss               
00003669  main                               
00003695  __error__                          
000036fd  __TI_auto_init_nobinit_nopinit     
00003741  _c_int00_noargs                    
00003779  SysCtlPeripheralEnable             
000037ad  GPIODirModeSet                     
000037f9  GPIOPinTypeGPIOOutput              
00003811  __TI_decompress_none               
0000381f  __TI_zero_init                     
0000382b  ResetISR                           
00003837  GPIOPinWrite                       
0000383d  SysCtlDelay                        
00003843  _system_pre_init                   
00003847  C$$EXIT                            
00003847  abort                              
00003aa0  ulMaxSyscallInterruptPriority      
00003aa8  __TI_Handler_Table_Base            
00003ab4  __TI_Handler_Table_Limit           
00003ac8  __TI_CINIT_Base                    
00003ad8  __TI_CINIT_Limit                   
2000c3b4  xQueueRegistry                     
2000c490  g_ui32SysClock                     
2000c498  __stack                            
2000c698  __STACK_END                        
2000c698  __STACK_TOP                        
2000c698  pxCurrentTCB                       
ffffffff  __TI_pprof_out_hndl                
ffffffff  __TI_prof_data_size                
ffffffff  __TI_prof_data_start               
ffffffff  __binit__                          
ffffffff  __c_args__                         
ffffffff  binit                              
UNDEFED   __mpu_init                         
UNDEFED   _system_post_cinit                 

[159 symbols]
